// Jest Snapshot v1, https://goo.gl/fbAQLP

exports[`BBoxDialog component renders correctly 1`] = `
<ue
  id="bboxDialog"
>
  <ForwardRef
    open={false}
    preventOutsideDismiss={true}
  >
    <ForwardRef>
      <FormattedMessage
        id="custom-bbox.dialog.title"
      />
      <ForwardRef
        className="closeIcon mc-icon-Close"
        label="CLOSE"
        onClick={[Function]}
      />
    </ForwardRef>
    <ForwardRef>
      <form
        className="bboxForm"
        noValidate={true}
        onSubmit={[Function]}
      >
        <ue
          className="bboxRow"
        >
          <BBoxCorner
            className="bboxField"
            corner="TOP_RIGHT"
          />
          <ue
            className="bboxField"
          >
            <FieldLabelComponent
              isRequired={true}
              showTooltip={false}
              value="custom-bbox.dialog-field.topRightLon.label"
            />
            <ForwardRef
              name="topRightLon"
              onChange={[Function]}
              required={true}
              type="number"
              value={0}
            />
          </ue>
          <ue
            className="bboxField"
          >
            <FieldLabelComponent
              isRequired={true}
              showTooltip={false}
              value="custom-bbox.dialog-field.topRightLat.label"
            />
            <ForwardRef
              name="topRightLat"
              onChange={[Function]}
              required={true}
              type="number"
              value={0}
            />
          </ue>
        </ue>
        <ue
          className="bboxRow"
        >
          <BBoxCorner
            className="bboxField"
            corner="BOTTOM_LEFT"
          />
          <ue
            className="bboxField"
          >
            <FieldLabelComponent
              isRequired={true}
              showTooltip={false}
              value="custom-bbox.dialog-field.bottomLeftLon.label"
            />
            <ForwardRef
              name="bottomLeftLon"
              onChange={[Function]}
              required={true}
              type="number"
              value={0}
            />
          </ue>
          <ue
            className="bboxField"
          >
            <FieldLabelComponent
              isRequired={true}
              showTooltip={false}
              value="custom-bbox.dialog-field.bottomLeftLat.label"
            />
            <ForwardRef
              name="bottomLeftLat"
              onChange={[Function]}
              required={true}
              type="number"
              value={0}
            />
          </ue>
        </ue>
        <ue
          className="footer"
        >
          <ue
            className="messages"
          />
          <ue
            className="buttons"
          >
            <ForwardRef
              disabled={false}
              raised={true}
              type="submit"
            >
              <FormattedMessage
                id="general.ok-btn.text"
              />
            </ForwardRef>
            <ForwardRef
              onClick={[Function]}
              type="button"
            >
              <FormattedMessage
                id="general.cancel-btn.text"
              />
            </ForwardRef>
          </ue>
        </ue>
      </form>
    </ForwardRef>
  </ForwardRef>
</ue>
`;
