// Jest Snapshot v1, https://goo.gl/fbAQLP

exports[`BBoxDialog component renders correctly 1`] = `
<McBox
  id="bboxDialog"
>
  <Function
    open={false}
    preventOutsideDismiss={true}
  >
    <Function>
      <FormattedMessage
        id="custom-bbox.dialog.title"
      />
      <Function
        className="closeIcon mc-icon-Close"
        label="CLOSE"
        onClick={[Function]}
      />
    </Function>
    <Function>
      <form
        className="bboxForm"
        noValidate={true}
        onSubmit={[Function]}
      >
        <McBox
          className="bboxRow"
        >
          <McBox
            className="bboxField"
          >
            <FieldLabelComponent
              isRequired={true}
              showTooltip={false}
              value="custom-bbox.dialog-field.topRightLat.label"
            />
            <Function
              name="topRightLat"
              onChange={[Function]}
              required={true}
              type="number"
              value={0}
            />
          </McBox>
          <McBox
            className="bboxField"
          >
            <FieldLabelComponent
              isRequired={true}
              showTooltip={false}
              value="custom-bbox.dialog-field.topRightLon.label"
            />
            <Function
              name="topRightLon"
              onChange={[Function]}
              required={true}
              type="number"
              value={0}
            />
          </McBox>
          <BBoxCorner
            className="bboxField"
            corner="TOP_RIGHT"
          />
        </McBox>
        <McBox
          className="bboxRow"
        >
          <McBox
            className="bboxField"
          >
            <FieldLabelComponent
              isRequired={true}
              showTooltip={false}
              value="custom-bbox.dialog-field.bottomLeftLat.label"
            />
            <Function
              name="bottomLeftLat"
              onChange={[Function]}
              required={true}
              type="number"
              value={0}
            />
          </McBox>
          <McBox
            className="bboxField"
          >
            <FieldLabelComponent
              isRequired={true}
              showTooltip={false}
              value="custom-bbox.dialog-field.bottomLeftLon.label"
            />
            <Function
              name="bottomLeftLon"
              onChange={[Function]}
              required={true}
              type="number"
              value={0}
            />
          </McBox>
          <BBoxCorner
            className="bboxField"
            corner="BOTTOM_LEFT"
          />
        </McBox>
        <McBox
          className="footer"
        >
          <McBox
            className="messages"
          />
          <McBox
            className="buttons"
          >
            <withRipple(Function)
              disabled={false}
              raised={true}
              type="submit"
            >
              <FormattedMessage
                id="general.ok-btn.text"
              />
            </withRipple(Function)>
            <withRipple(Function)
              onClick={[Function]}
              type="button"
            >
              <FormattedMessage
                id="general.cancel-btn.text"
              />
            </withRipple(Function)>
          </McBox>
        </McBox>
      </form>
    </Function>
  </Function>
</McBox>
`;
