// Jest Snapshot v1, https://goo.gl/fbAQLP

exports[`DialogBBox component renders correctly 1`] = `
<Function
  open={false}
  preventOutsideDismiss={true}
>
  <Function>
    <FormattedMessage
      id="custom-bbox.dialog.title"
    />
    <Function
      className="closeIcon mc-icon-Close"
      label="CLOSE"
      onClick={[Function]}
    />
  </Function>
  <Function>
    <form
      className="dialogBboxForm"
      onSubmit={[Function]}
    >
      <Component
        className="dialogBboxRow"
      >
        <Component>
          <Component
            className="detailsFieldLabel bboxLabel"
          >
            <FieldLabelComponent
              value="Top Right Lat"
            />
          </Component>
          <Function
            className="spacer"
            id="topRightLat"
            name="topRightLat"
            onChange={[Function]}
            type="number"
            value={0}
          />
        </Component>
        <Component>
          <Component
            className="detailsFieldLabel bboxLabel"
          >
            <FieldLabelComponent
              value="Top Right Lon"
            />
          </Component>
          <Function
            className="spacer"
            id="topRightLon"
            name="topRightLon"
            onChange={[Function]}
            type="number"
            value={0}
          />
        </Component>
        <BBoxCorner
          corner="TOP_RIGHT"
        />
      </Component>
      <Component
        className="dialogBboxRow"
      >
        <Component>
          <Component
            className="detailsFieldLabel bboxLabel"
          >
            <FieldLabelComponent
              value="Bottom Left Lat"
            />
          </Component>
          <Function
            className="spacer"
            id="bottomLeftLat"
            name="bottomLeftLat"
            onChange={[Function]}
            type="number"
            value={0}
          />
        </Component>
        <Component>
          <Component
            className="detailsFieldLabel bboxLabel"
          >
            <FieldLabelComponent
              value="Bottom Left Lon"
            />
          </Component>
          <Function
            className="spacer"
            id="bottomLeftLon"
            name="bottomLeftLon"
            onChange={[Function]}
            type="number"
            value={0}
          />
        </Component>
        <BBoxCorner
          corner="BOTTOM_LEFT"
        />
      </Component>
      <Component
        className="buttons noMargin"
      >
        <withRipple(Function)
          onClick={[Function]}
          type="button"
        >
          <FormattedMessage
            id="general.cancel-btn.text"
          />
        </withRipple(Function)>
        <withRipple(Function)
          raised={true}
          type="submit"
        >
          <FormattedMessage
            id="general.ok-btn.text"
          />
        </withRipple(Function)>
      </Component>
    </form>
  </Function>
</Function>
`;
