// Jest Snapshot v1, https://goo.gl/fbAQLP

exports[`MapContainer component renders correctly 1`] = `
<div
  className="map"
>
  <div
    className="filtersPosition"
    style={
      Object {
        "backgroundColor": "#2979ff",
        "width": undefined,
      }
    }
  >
    <div
      className="filtersContainer"
    >
      <PolygonSelectionUi
        isSelectionEnabled={false}
        onCancelDraw={[Function]}
        onPolygonUpdate={[Function]}
        onReset={[Function]}
        onStartDraw={[Function]}
      />
    </div>
  </div>
  <MapWrapper
    onPolygonSelection={[Function]}
  >
    <span>
      test
    </span>
  </MapWrapper>
</div>
`;
