// Jest Snapshot v1, https://goo.gl/fbAQLP

exports[`MapContainer component renders correctly 1`] = `
<div
  className="map"
>
  <div
    className="filtersPosition"
    style={
      Object {
        "backgroundColor": "#24aee9",
        "width": "400px",
      }
    }
  >
    <div
      className="filtersContainer"
    >
      <PolygonSelectionUi
        handleOtherDrawers={[Function]}
        isSelectionEnabled={false}
        mapActionsWidth="400px"
        onCancelDraw={[Function]}
        onPolygonUpdate={[Function]}
        onReset={[Function]}
        onStartDraw={[Function]}
      />
      <div
        className="filtersMargin"
      >
        <ForwardRef
          icon="filter_alt"
          onClick={[Function]}
          outlined={true}
          theme={
            Array [
              "primaryBg",
              "onPrimary",
            ]
          }
        >
          <FormattedMessage
            id="filters.title"
          />
        </ForwardRef>
        <DrawerOpener
          isOpen={false}
          onClick={[Function]}
        />
      </div>
    </div>
  </div>
  <fr
    center={
      Array [
        34.811,
        31.908,
      ]
    }
    imageryProvider={false}
    projection="EPSG:4326"
    sceneMode={2}
    zoom={14}
  >
    <span>
      test
    </span>
    <Memo(observerComponent) />
    <Memo(observerComponent) />
    <Memo(observerComponent) />
    <Pr
      drawState={
        Object {
          "drawing": false,
          "handler": [Function],
          "type": "UNKNOWN",
        }
      }
      drawingMaterial={
        Color {
          "alpha": 0.5,
          "blue": 0,
          "green": 1,
          "red": 1,
        }
      }
      drawings={
        Array [
          Object {
            "coordinates": Array [],
            "id": "",
            "name": "",
            "type": "UNKNOWN",
          },
        ]
      }
    />
  </fr>
</div>
`;
