// Jest Snapshot v1, https://goo.gl/fbAQLP

exports[`Polygon Selection component renders correctly 1`] = `
<ue
  position="relative"
>
  <ForwardRef
    className="makeStyles-drawingButton-1"
    icon="category"
    onClick={[Function]}
    outlined={true}
    theme={
      Array [
        "primaryBg",
        "onPrimary",
      ]
    }
  >
    <FormattedMessage
      id="polygon-selection.draw-btn.text"
    />
  </ForwardRef>
  <BBoxDialog
    isOpen={false}
    onPolygonUpdate={[Function]}
    onSetOpen={[Function]}
  />
</ue>
`;
