// Jest Snapshot v1, https://goo.gl/fbAQLP

exports[`AgGrid DetailsExanderRenderer component renders correctly 1`] = `
<Component
  className="expanderContainer"
  onClick={[Function]}
>
  <Icon
    icon={
      Object {
        "icon": "expand_more",
        "size": "xsmall",
      }
    }
    style={
      Object {
        "color": "#2979ff",
      }
    }
  />
</Component>
`;
