// Jest Snapshot v1, https://goo.gl/fbAQLP

exports[`AgGrid LayerDetailsRenderer component renders correctly 1`] = `
<ce
  className="layerDetailsContainer"
>
  <ce
    className="detailsColumn"
    key="0"
  >
    <ce
      key="0_0"
    >
      <span
        style={
          Object {
            "fontWeight": 600,
          }
        }
      >
        <FormattedMessage
          id="results.fields.name.label"
        />
        : 
      </span>
      <span />
    </ce>
    <ce
      key="0_1"
    >
      <span
        style={
          Object {
            "fontWeight": 600,
          }
        }
      >
        <FormattedMessage
          id="results.fields.name.label"
        />
        : 
      </span>
      <span />
    </ce>
    <ce
      key="0_2"
    >
      <span
        style={
          Object {
            "fontWeight": 600,
          }
        }
      >
        <FormattedMessage
          id="results.fields.name.label"
        />
        : 
      </span>
      <span />
    </ce>
    <ce
      key="0_3"
    >
      <span
        style={
          Object {
            "fontWeight": 600,
          }
        }
      >
        <FormattedMessage
          id="results.fields.name.label"
        />
        : 
      </span>
      <span />
    </ce>
    <ce
      key="0_4"
    >
      <span
        style={
          Object {
            "fontWeight": 600,
          }
        }
      >
        <FormattedMessage
          id="results.fields.name.label"
        />
        : 
      </span>
      <span />
    </ce>
  </ce>
  <ce
    className="detailsColumn"
    key="1"
  >
    <ce
      key="1_0"
    >
      <span
        style={
          Object {
            "fontWeight": 600,
          }
        }
      >
        <FormattedMessage
          id="results.fields.creation-date.label"
        />
        : 
      </span>
      <span>
        06/12/2020
      </span>
    </ce>
    <ce
      key="1_1"
    >
      <span
        style={
          Object {
            "fontWeight": 600,
          }
        }
      >
        <FormattedMessage
          id="results.fields.creation-date.label"
        />
        : 
      </span>
      <span>
        06/12/2020
      </span>
    </ce>
    <ce
      key="1_2"
    >
      <span
        style={
          Object {
            "fontWeight": 600,
          }
        }
      >
        <FormattedMessage
          id="results.fields.creation-date.label"
        />
        : 
      </span>
      <span>
        06/12/2020
      </span>
    </ce>
    <ce
      key="1_3"
    >
      <span
        style={
          Object {
            "fontWeight": 600,
          }
        }
      >
        <FormattedMessage
          id="results.fields.creation-date.label"
        />
        : 
      </span>
      <span>
        06/12/2020
      </span>
    </ce>
    <ce
      key="1_4"
    >
      <span
        style={
          Object {
            "fontWeight": 600,
          }
        }
      >
        <FormattedMessage
          id="results.fields.creation-date.label"
        />
        : 
      </span>
      <span>
        06/12/2020
      </span>
    </ce>
  </ce>
</ce>
`;
